// Vitest Snapshot v1, https://vitest.dev/guide/snapshot.html

exports[`DashboardView > should render properly 1`] = `
<div>
  
  <header
    data-v-628430e3=""
  >
    <h1
      class="title"
      data-v-628430e3=""
    >
       ABN Amro Tube 
    </h1>
    <div
      class="extra"
      data-v-628430e3=""
    >
      
      
      <a
        data-v-af51883b=""
        href="#search"
      >
        Search
      </a>
      <section
        class="container"
        data-is-active="false"
        id="search"
      >
        <div
          class="actions"
        >
          <a
            href="#"
          >
            Close
          </a>
          <input
            placeholder="Search shows..."
            type="search"
          />
        </div>
        <!--v-if-->
      </section>
      
      
    </div>
  </header>
  
  
  
</div>
`;
