// Vitest Snapshot v1, https://vitest.dev/guide/snapshot.html

exports[`DashboardView > should render properly 1`] = `
<div>
  
  <header
    data-v-628430e3=""
  >
    <h1
      class="title"
      data-v-628430e3=""
    >
       ABN Amro Tube 
    </h1>
    
    
    <input
      placeholder="Search shows..."
      type="search"
    />
    <!--v-if-->
    
    
  </header>
  
  
  
</div>
`;
