// Vitest Snapshot v1, https://vitest.dev/guide/snapshot.html

exports[`DashboardView > should render properly 1`] = `
<div>
  <div
    class="_categories_8ae98e"
  >
    
    <div>
      <div
        class="_skeleton_587f33 _name_9b2e19"
      />
      <ol
        class="_list_9b2e19"
      >
        
        <div
          class="_skeleton_587f33 _show_9b2e19"
        />
        <div
          class="_skeleton_587f33 _show_9b2e19"
        />
        <div
          class="_skeleton_587f33 _show_9b2e19"
        />
        <div
          class="_skeleton_587f33 _show_9b2e19"
        />
        <div
          class="_skeleton_587f33 _show_9b2e19"
        />
        
      </ol>
    </div>
    <div>
      <div
        class="_skeleton_587f33 _name_9b2e19"
      />
      <ol
        class="_list_9b2e19"
      >
        
        <div
          class="_skeleton_587f33 _show_9b2e19"
        />
        <div
          class="_skeleton_587f33 _show_9b2e19"
        />
        <div
          class="_skeleton_587f33 _show_9b2e19"
        />
        <div
          class="_skeleton_587f33 _show_9b2e19"
        />
        <div
          class="_skeleton_587f33 _show_9b2e19"
        />
        
      </ol>
    </div>
    <div>
      <div
        class="_skeleton_587f33 _name_9b2e19"
      />
      <ol
        class="_list_9b2e19"
      >
        
        <div
          class="_skeleton_587f33 _show_9b2e19"
        />
        <div
          class="_skeleton_587f33 _show_9b2e19"
        />
        <div
          class="_skeleton_587f33 _show_9b2e19"
        />
        <div
          class="_skeleton_587f33 _show_9b2e19"
        />
        <div
          class="_skeleton_587f33 _show_9b2e19"
        />
        
      </ol>
    </div>
    <div>
      <div
        class="_skeleton_587f33 _name_9b2e19"
      />
      <ol
        class="_list_9b2e19"
      >
        
        <div
          class="_skeleton_587f33 _show_9b2e19"
        />
        <div
          class="_skeleton_587f33 _show_9b2e19"
        />
        <div
          class="_skeleton_587f33 _show_9b2e19"
        />
        <div
          class="_skeleton_587f33 _show_9b2e19"
        />
        <div
          class="_skeleton_587f33 _show_9b2e19"
        />
        
      </ol>
    </div>
    
  </div>
  <!--v-if-->
</div>
`;
